Microchip MPLAB XC8 Compiler V2.32

Linker command line:

-W-3 --edf=C:\Program Files\Microchip\xc8\v2.32\pic\dat\en_msgs.txt -cn \
  -h+dist/default/production\smt_test.X.production.sym \
  --cmf=dist/default/production\smt_test.X.production.cmf -z -Q16F1619 \
  -oC:\Users\nemet\AppData\Local\Temp\xcAskag.5 --defsym=__MPLAB_BUILD=1 \
  -Mdist/default/production/smt_test.X.production.map -E1 -ver=XC8 Compiler \
  --acfsm=1493 -ASTACK=02087h-023EFh -pstack=STACK -ACODE=00h-07FFhx4 \
  -ASTRCODE=00h-01FFFh -ASTRING=00h-0FFhx32 -ACONST=00h-0FFhx32 \
  -AENTRY=00h-0FFhx32 -ACOMMON=070h-07Fh -ABANK0=020h-06Fh \
  -ABANK1=0A0h-0EFh -ABANK2=0120h-016Fh -ABANK3=01A0h-01EFh \
  -ABANK4=0220h-026Fh -ABANK5=02A0h-02EFh -ABANK6=0320h-036Fh \
  -ABANK7=03A0h-03EFh -ABANK8=0420h-046Fh -ABANK9=04A0h-04EFh \
  -ABANK10=0520h-056Fh -ABANK11=05A0h-05EFh -ABANK12=0620h-064Fh \
  -ABIGRAM=02000h-023EFh \
  -ARAM=020h-06Fh,0A0h-0EFh,0120h-016Fh,01A0h-01EFh,0220h-026Fh,02A0h-02EFh,0320h-036Fh,03A0h-03EFh,0420h-046Fh,04A0h-04EFh,0520h-056Fh,05A0h-05EFh,0620h-064Fh \
  -AABS1=020h-07Fh,0A0h-0EFh,0120h-016Fh,01A0h-01EFh,0220h-026Fh,02A0h-02EFh,0320h-036Fh,03A0h-03EFh,0420h-046Fh,04A0h-04EFh,0520h-056Fh,05A0h-05EFh,0620h-064Fh \
  -ASFR0=00h-01Fh -ASFR1=080h-09Fh -ASFR2=0100h-011Fh -ASFR3=0180h-019Fh \
  -ASFR4=0200h-021Fh -ASFR5=0280h-029Fh -ASFR6=0300h-031Fh \
  -ASFR7=0380h-039Fh -ASFR8=0400h-041Fh -ASFR9=0480h-049Fh \
  -ASFR10=0500h-051Fh -ASFR11=0580h-059Fh -ASFR12=0600h-061Fh \
  -ASFR13=0680h-06EFh -ASFR14=0700h-076Fh -ASFR15=0780h-07EFh \
  -ASFR16=0800h-086Fh -ASFR17=0880h-08EFh -ASFR18=0900h-096Fh \
  -ASFR19=0980h-09EFh -ASFR20=0A00h-0A6Fh -ASFR21=0A80h-0AEFh \
  -ASFR22=0B00h-0B6Fh -ASFR23=0B80h-0BEFh -ASFR24=0C00h-0C6Fh \
  -ASFR25=0C80h-0CEFh -ASFR26=0D00h-0D6Fh -ASFR27=0D80h-0DEFh \
  -ASFR28=0E00h-0E6Fh -ASFR29=0E80h-0EEFh -ASFR30=0F00h-0F6Fh \
  -ASFR31=0F80h-0FEFh -ACONFIG=08007h-08009h -DCONFIG=2 \
  -AIDLOC=08000h-08003h -DIDLOC=2 -DCODE=2 -DSTRCODE=2 -DSTRING=2 -DCONST=2 \
  -DENTRY=2 -preset_vec=00h,intentry=04h,init,end_init -ppowerup=CODE \
  -pcinit=CODE -pfunctab=ENTRY -k \
  C:\Users\nemet\AppData\Local\Temp\xcAskag.o \
  dist/default/production\smt_test.X.production.o 

Object code version is 3.11

Machine type is 16F1619



                Name                               Link     Load   Length Selector   Space Scale
C:\Users\nemet\AppData\Local\Temp\xcAskag.o
                end_init                             46       46        2        8       0
                reset_vec                             0        0        2        0       0
                config                             8007     8007        3        0       4
                idloc                              8000     8000        4        0       5
dist/default/production\smt_test.X.production.o
                cinit                                48       48       10        8       0
                intentry                              4        4       42        8       0
                config                             8007     8007        3        0       4
                idloc                              8000     8000        4        0       5
                text15                              308      308      104        8       0
                text14                              40C      40C       EC        8       0
                text13                              681      681       1C        8       0
                text12                              6F3      6F3        9      DB8       0
                text11                              5AB      5AB       41        8       0
                text10                              659      659       28        8       0
                text9                               69D      69D       1A        8       0
                text8                               555      555       56        8       0
                text7                                58       58      162        8       0
                text6                               4F8      4F8       5D        8       0
                text5                               1BA      1BA      14E        8       0
                text4                               628      628       31        8       0
                text3                               6B7      6B7       17        8       0
                text2                               6E8      6E8        B      DB8       0
                text1                               6DC      6DC        C      DB8       0
                maintext                            5EC      5EC       3C        8       0
                cstackBANK0                          20       20       50       20       1
                cstackCOMMON                         70       70        6       70       1
                cstackBANK1                          CD       CD        A       A0       1
                clrtext                             6FC      6FC        6      DB8       0
                bssBANK1                             A0       A0       2D       A0       1
                bssCOMMON                            76       76        4       70       1
                stringtext3                         705      705        3      E04       0
                stringtext2                         702      702        3      E04       0
                stringtext1                         6CE      6CE        E      D9C       0

TOTAL           Name                               Link     Load   Length     Space
        CLASS   STACK          

        CLASS   CODE           
                end_init                             46       46        2         0
                cinit                                48       48       10         0
                intentry                              4        4       42         0
                reset_vec                             0        0        2         0
                text15                              308      308      104         0
                text14                              40C      40C       EC         0
                text13                              681      681       1C         0
                text12                              6F3      6F3        9         0
                text11                              5AB      5AB       41         0
                text10                              659      659       28         0
                text9                               69D      69D       1A         0
                text8                               555      555       56         0
                text7                                58       58      162         0
                text6                               4F8      4F8       5D         0
                text5                               1BA      1BA      14E         0
                text4                               628      628       31         0
                text3                               6B7      6B7       17         0
                text2                               6E8      6E8        B         0
                text1                               6DC      6DC        C         0
                maintext                            5EC      5EC       3C         0
                clrtext                             6FC      6FC        6         0

        CLASS   STRCODE        
                stringtext3                         705      705        3         0
                stringtext2                         702      702        3         0
                stringtext1                         6CE      6CE        E         0

        CLASS   STRING         

        CLASS   CONST          

        CLASS   ENTRY          

        CLASS   COMMON         
                cstackCOMMON                         70       70        6         1
                bssCOMMON                            76       76        4         1

        CLASS   BANK0          
                cstackBANK0                          20       20       50         1

        CLASS   BANK1          
                cstackBANK1                          CD       CD        A         1
                bssBANK1                             A0       A0       2D         1

        CLASS   BANK2          

        CLASS   BANK3          

        CLASS   BANK4          

        CLASS   BANK5          

        CLASS   BANK6          

        CLASS   BANK7          

        CLASS   BANK8          

        CLASS   BANK9          

        CLASS   BANK10         

        CLASS   BANK11         

        CLASS   BANK12         

        CLASS   BIGRAM         

        CLASS   RAM            

        CLASS   ABS1           
                abs_s1                               7E       7E        2         1

        CLASS   SFR0           

        CLASS   SFR1           

        CLASS   SFR2           

        CLASS   SFR3           

        CLASS   SFR4           

        CLASS   SFR5           

        CLASS   SFR6           

        CLASS   SFR7           

        CLASS   SFR8           

        CLASS   SFR9           

        CLASS   SFR10          

        CLASS   SFR11          

        CLASS   SFR12          

        CLASS   SFR13          

        CLASS   SFR14          

        CLASS   SFR15          

        CLASS   SFR16          

        CLASS   SFR17          

        CLASS   SFR18          

        CLASS   SFR19          

        CLASS   SFR20          

        CLASS   SFR21          

        CLASS   SFR22          

        CLASS   SFR23          

        CLASS   SFR24          

        CLASS   SFR25          

        CLASS   SFR26          

        CLASS   SFR27          

        CLASS   SFR28          

        CLASS   SFR29          

        CLASS   SFR30          

        CLASS   SFR31          

        CLASS   CONFIG         
                config                             8007     8007        3         4

        CLASS   IDLOC          
                idloc                              8000     8000        4         5

        CLASS   BANK31         

        CLASS   BANK30         

        CLASS   BANK29         

        CLASS   BANK28         

        CLASS   BANK27         

        CLASS   BANK26         

        CLASS   BANK25         

        CLASS   BANK24         

        CLASS   BANK23         

        CLASS   BANK22         

        CLASS   BANK21         

        CLASS   BANK20         

        CLASS   BANK19         

        CLASS   BANK18         

        CLASS   BANK17         

        CLASS   BANK16         

        CLASS   BANK15         

        CLASS   BANK14         

        CLASS   BANK13         

        CLASS   EEDATA         



SEGMENTS        Name                           Load    Length   Top    Selector   Space  Class     Delta

                reset_vec                      000000  000002  000002         0       0  CODE        2
                intentry                       000004  0006CA  0006CE         8       0  CODE        2
                cstackBANK0                    000020  000050  000070        20       1  BANK0       1
                cstackCOMMON                   000070  00000A  00007A        70       1  COMMON      1
                bssBANK1                       0000A0  000037  0000D7        A0       1  BANK1       1
                stringtext1                    0006CE  00000E  0006DC       D9C       0  STRCODE     2
                text1                          0006DC  000026  000702       DB8       0  CODE        2
                stringtext2                    000702  000006  000708       E04       0  STRCODE     2


UNUSED ADDRESS RANGES

        Name                Unused          Largest block    Delta
        BANK1            000D7-000EF              19           1
        BANK10           00520-0056F              50           1
        BANK11           005A0-005EF              50           1
        BANK12           00620-0064F              30           1
        BANK2            00120-0016F              50           1
        BANK3            001A0-001EF              50           1
        BANK4            00220-0026F              50           1
        BANK5            002A0-002EF              50           1
        BANK6            00320-0036F              50           1
        BANK7            003A0-003EF              50           1
        BANK8            00420-0046F              50           1
        BANK9            004A0-004EF              50           1
        BIGRAM           02000-023EF             3F0           1
        CODE             00002-00003               2           2
                         00708-01FFF             800
        COMMON           0007A-0007D               4           1
        CONST            00002-00003               2           2
                         00708-01FFF             100
        ENTRY            00002-00003               2           2
                         00708-01FFF             100
        RAM              000D7-000EF              19           1
                         00120-0016F              50
                         001A0-001EF              50
                         00220-0026F              50
                         002A0-002EF              50
                         00320-0036F              50
                         003A0-003EF              50
                         00420-0046F              50
                         004A0-004EF              50
                         00520-0056F              50
                         005A0-005EF              50
                         00620-0064F              30
        SFR0             00000-0001F              20           1
        SFR1             00080-0009F              20           1
        SFR10            00500-0051F              20           1
        SFR11            00580-0059F              20           1
        SFR12            00600-0061F              20           1
        SFR13            00680-006EF              70           1
        SFR14            00700-0076F              70           1
        SFR15            00780-007EF              70           1
        SFR16            00800-0086F              70           1
        SFR17            00880-008EF              70           1
        SFR18            00900-0096F              70           1
        SFR19            00980-009EF              70           1
        SFR2             00100-0011F              20           1
        SFR20            00A00-00A6F              70           1
        SFR21            00A80-00AEF              70           1
        SFR22            00B00-00B6F              70           1
        SFR23            00B80-00BEF              70           1
        SFR24            00C00-00C6F              70           1
        SFR25            00C80-00CEF              70           1
        SFR26            00D00-00D6F              70           1
        SFR27            00D80-00DEF              70           1
        SFR28            00E00-00E6F              70           1
        SFR29            00E80-00EEF              70           1
        SFR3             00180-0019F              20           1
        SFR30            00F00-00F6F              70           1
        SFR31            00F80-00FEF              70           1
        SFR4             00200-0021F              20           1
        SFR5             00280-0029F              20           1
        SFR6             00300-0031F              20           1
        SFR7             00380-0039F              20           1
        SFR8             00400-0041F              20           1
        SFR9             00480-0049F              20           1
        STACK            02087-023EF             369           1
        STRCODE          00002-00003               2           2
                         00708-01FFF            18F8
        STRING           00002-00003               2           2
                         00708-01FFF             100

                                  Symbol Table

?___aodiv                cstackBANK0  00020
?___aomod                cstackBANK0  00020
?_abs                    cstackBANK0  00032
?_dtoa                   cstackBANK0  0003A
?_pad                    cstackBANK0  0002F
?_printf                 cstackBANK1  000CD
?_strlen                 cstackCOMMON 00074
?_strncmp                cstackBANK0  00020
?_vfpfcnvrt              cstackBANK0  00058
?_vfprintf               cstackBANK0  00068
_BAUD1CONbits            (abs)        0019F
_INTCONbits              (abs)        0000B
_LATBbits                (abs)        0010D
_OSCCONbits              (abs)        00099
_PIE4bits                (abs)        00093
_PIR4bits                (abs)        00013
_RC1STAbits              (abs)        0019D
_RC7PPS                  (abs)        00EA7
_SMT1CLKbits             (abs)        00D9B
_SMT1CON0bits            (abs)        00D98
_SMT1CON1bits            (abs)        00D99
_SMT1CPR                 (abs)        00D8F
_SPBRGH                  (abs)        0019C
_SPBRGL                  (abs)        0019B
_TRISAbits               (abs)        0008C
_TRISBbits               (abs)        0008D
_TRISCbits               (abs)        0008E
_TX1REG                  (abs)        0019A
_TX1STAbits              (abs)        0019E
__Habs1                  abs1         00000
__Hbank0                 bank0        00000
__Hbank1                 bank1        00000
__Hbank10                bank10       00000
__Hbank11                bank11       00000
__Hbank12                bank12       00000
__Hbank13                bank13       00000
__Hbank14                bank14       00000
__Hbank15                bank15       00000
__Hbank16                bank16       00000
__Hbank17                bank17       00000
__Hbank18                bank18       00000
__Hbank19                bank19       00000
__Hbank2                 bank2        00000
__Hbank20                bank20       00000
__Hbank21                bank21       00000
__Hbank22                bank22       00000
__Hbank23                bank23       00000
__Hbank24                bank24       00000
__Hbank25                bank25       00000
__Hbank26                bank26       00000
__Hbank27                bank27       00000
__Hbank28                bank28       00000
__Hbank29                bank29       00000
__Hbank3                 bank3        00000
__Hbank30                bank30       00000
__Hbank31                bank31       00000
__Hbank4                 bank4        00000
__Hbank5                 bank5        00000
__Hbank6                 bank6        00000
__Hbank7                 bank7        00000
__Hbank8                 bank8        00000
__Hbank9                 bank9        00000
__Hbigram                bigram       00000
__HbssBANK1              bssBANK1     00000
__HbssCOMMON             bssCOMMON    00000
__Hcinit                 cinit        00058
__Hclrtext               clrtext      00000
__Hcode                  code         00000
__Hcommon                common       00000
__Hconfig                config       0800A
__HcstackBANK0           cstackBANK0  00000
__HcstackBANK1           cstackBANK1  00000
__HcstackCOMMON          cstackCOMMON 00000
__Heeprom_data           eeprom_data  00000
__Hend_init              end_init     00048
__Hfunctab               functab      00000
__Hidloc                 idloc        08004
__Hinit                  init         00046
__Hintentry              intentry     00046
__Hmaintext              maintext     00000
__Hpowerup               powerup      00000
__Hram                   ram          00000
__Hreset_vec             reset_vec    00002
__Hsfr0                  sfr0         00000
__Hsfr1                  sfr1         00000
__Hsfr10                 sfr10        00000
__Hsfr11                 sfr11        00000
__Hsfr12                 sfr12        00000
__Hsfr13                 sfr13        00000
__Hsfr14                 sfr14        00000
__Hsfr15                 sfr15        00000
__Hsfr16                 sfr16        00000
__Hsfr17                 sfr17        00000
__Hsfr18                 sfr18        00000
__Hsfr19                 sfr19        00000
__Hsfr2                  sfr2         00000
__Hsfr20                 sfr20        00000
__Hsfr21                 sfr21        00000
__Hsfr22                 sfr22        00000
__Hsfr23                 sfr23        00000
__Hsfr24                 sfr24        00000
__Hsfr25                 sfr25        00000
__Hsfr26                 sfr26        00000
__Hsfr27                 sfr27        00000
__Hsfr28                 sfr28        00000
__Hsfr29                 sfr29        00000
__Hsfr3                  sfr3         00000
__Hsfr30                 sfr30        00000
__Hsfr31                 sfr31        00000
__Hsfr4                  sfr4         00000
__Hsfr5                  sfr5         00000
__Hsfr6                  sfr6         00000
__Hsfr7                  sfr7         00000
__Hsfr8                  sfr8         00000
__Hsfr9                  sfr9         00000
__Hspace_0               (abs)        00708
__Hspace_1               (abs)        000D7
__Hspace_2               (abs)        00000
__Hspace_3               (abs)        00000
__Hspace_4               (abs)        10011
__Hstack                 stack        00000
__Hstrings               strings      00000
__Hstringtext1           stringtext1  00000
__Hstringtext2           stringtext2  00000
__Hstringtext3           stringtext3  00000
__Hstringtext4           stringtext4  00000
__Htext                  text         00000
__Labs1                  abs1         00000
__Lbank0                 bank0        00000
__Lbank1                 bank1        00000
__Lbank10                bank10       00000
__Lbank11                bank11       00000
__Lbank12                bank12       00000
__Lbank13                bank13       00000
__Lbank14                bank14       00000
__Lbank15                bank15       00000
__Lbank16                bank16       00000
__Lbank17                bank17       00000
__Lbank18                bank18       00000
__Lbank19                bank19       00000
__Lbank2                 bank2        00000
__Lbank20                bank20       00000
__Lbank21                bank21       00000
__Lbank22                bank22       00000
__Lbank23                bank23       00000
__Lbank24                bank24       00000
__Lbank25                bank25       00000
__Lbank26                bank26       00000
__Lbank27                bank27       00000
__Lbank28                bank28       00000
__Lbank29                bank29       00000
__Lbank3                 bank3        00000
__Lbank30                bank30       00000
__Lbank31                bank31       00000
__Lbank4                 bank4        00000
__Lbank5                 bank5        00000
__Lbank6                 bank6        00000
__Lbank7                 bank7        00000
__Lbank8                 bank8        00000
__Lbank9                 bank9        00000
__Lbigram                bigram       00000
__LbssBANK1              bssBANK1     00000
__LbssCOMMON             bssCOMMON    00000
__Lcinit                 cinit        00048
__Lclrtext               clrtext      00000
__Lcode                  code         00000
__Lcommon                common       00000
__Lconfig                config       00000
__LcstackBANK0           cstackBANK0  00000
__LcstackBANK1           cstackBANK1  00000
__LcstackCOMMON          cstackCOMMON 00000
__Leeprom_data           eeprom_data  00000
__Lend_init              end_init     00046
__Lfunctab               functab      00000
__Lidloc                 idloc        00000
__Linit                  init         00046
__Lintentry              intentry     00004
__Lmaintext              maintext     00000
__Lpowerup               powerup      00000
__Lram                   ram          00000
__Lreset_vec             reset_vec    00000
__Lsfr0                  sfr0         00000
__Lsfr1                  sfr1         00000
__Lsfr10                 sfr10        00000
__Lsfr11                 sfr11        00000
__Lsfr12                 sfr12        00000
__Lsfr13                 sfr13        00000
__Lsfr14                 sfr14        00000
__Lsfr15                 sfr15        00000
__Lsfr16                 sfr16        00000
__Lsfr17                 sfr17        00000
__Lsfr18                 sfr18        00000
__Lsfr19                 sfr19        00000
__Lsfr2                  sfr2         00000
__Lsfr20                 sfr20        00000
__Lsfr21                 sfr21        00000
__Lsfr22                 sfr22        00000
__Lsfr23                 sfr23        00000
__Lsfr24                 sfr24        00000
__Lsfr25                 sfr25        00000
__Lsfr26                 sfr26        00000
__Lsfr27                 sfr27        00000
__Lsfr28                 sfr28        00000
__Lsfr29                 sfr29        00000
__Lsfr3                  sfr3         00000
__Lsfr30                 sfr30        00000
__Lsfr31                 sfr31        00000
__Lsfr4                  sfr4         00000
__Lsfr5                  sfr5         00000
__Lsfr6                  sfr6         00000
__Lsfr7                  sfr7         00000
__Lsfr8                  sfr8         00000
__Lsfr9                  sfr9         00000
__Lspace_0               (abs)        00000
__Lspace_1               (abs)        00000
__Lspace_2               (abs)        00000
__Lspace_3               (abs)        00000
__Lspace_4               (abs)        00000
__Lstack                 stack        00000
__Lstrings               strings      00000
__Lstringtext1           stringtext1  00000
__Lstringtext2           stringtext2  00000
__Lstringtext3           stringtext3  00000
__Lstringtext4           stringtext4  00000
__Ltext                  text         00000
__S0                     (abs)        00708
__S1                     (abs)        000D7
__S2                     (abs)        00000
___aodiv                 text15       00308
___aodiv@counter         cstackBANK0  00030
___aodiv@dividend        cstackBANK0  00028
___aodiv@divisor         cstackBANK0  00020
___aodiv@quotient        cstackBANK0  00032
___aodiv@sign            cstackBANK0  00031
___aomod                 text14       0040C
___aomod@counter         cstackBANK0  00030
___aomod@dividend        cstackBANK0  00028
___aomod@divisor         cstackBANK0  00020
___aomod@sign            cstackBANK0  00031
___int_sp                stack        00000
___latbits               (abs)        00002
___sp                    stack        00000
___stackhi               (abs)        023EF
___stacklo               (abs)        02087
__end_of___aodiv         text15       0040C
__end_of___aomod         text14       004F8
__end_of__initialization cinit        00054
__end_of_abs             text13       0069D
__end_of_dtoa            text7        001BA
__end_of_fputc           text11       005EC
__end_of_fputs           text10       00681
__end_of_main            maintext     00628
__end_of_myIsr           intentry     00046
__end_of_pad             text8        005AB
__end_of_printf          text3        006CE
__end_of_putch           text12       006FC
__end_of_smt_init        text2        006F3
__end_of_strlen          text9        006B7
__end_of_strncmp         text6        00555
__end_of_uart_init       text1        006E8
__end_of_vfpfcnvrt       text5        00308
__end_of_vfprintf        text4        00659
__initialization         cinit        00048
__pbssBANK1              bssBANK1     000A0
__pbssCOMMON             bssCOMMON    00076
__pcstackBANK0           cstackBANK0  00020
__pcstackBANK1           cstackBANK1  000CD
__pcstackCOMMON          cstackCOMMON 00070
__pintentry              intentry     00004
__pmaintext              maintext     005EC
__pstringtext1           stringtext1  006CE
__pstringtext2           stringtext2  00702
__pstringtext3           stringtext3  00705
__pstringtext4           stringtext4  00000
__ptext1                 text1        006DC
__ptext10                text10       00659
__ptext11                text11       005AB
__ptext12                text12       006F3
__ptext13                text13       00681
__ptext14                text14       0040C
__ptext15                text15       00308
__ptext2                 text2        006E8
__ptext3                 text3        006B7
__ptext4                 text4        00628
__ptext5                 text5        001BA
__ptext6                 text6        004F8
__ptext7                 text7        00058
__ptext8                 text8        00555
__ptext9                 text9        0069D
__size_of___aodiv        (abs)        00000
__size_of___aomod        (abs)        00000
__size_of_abs            (abs)        00000
__size_of_dtoa           (abs)        00000
__size_of_fputc          (abs)        00000
__size_of_fputs          (abs)        00000
__size_of_main           (abs)        00000
__size_of_myIsr          (abs)        00000
__size_of_pad            (abs)        00000
__size_of_printf         (abs)        00000
__size_of_putch          (abs)        00000
__size_of_smt_init       (abs)        00000
__size_of_strlen         (abs)        00000
__size_of_strncmp        (abs)        00000
__size_of_uart_init      (abs)        00000
__size_of_vfpfcnvrt      (abs)        00000
__size_of_vfprintf       (abs)        00000
_abs                     text13       00681
_actValue                bssBANK1     000A0
_dataAvailable           bssBANK1     000AC
_dbuf                    bssBANK1     000AD
_dtoa                    text7        00058
_dtoa$872                cstackBANK0  00045
_flags                   bssCOMMON    00078
_fputc                   text11       005AB
_fputs                   text10       00659
_lastValue               bssBANK1     000A4
_main                    maintext     005EC
_myIsr                   intentry     00004
_nout                    bssBANK1     000A8
_pad                     text8        00555
_prec                    bssCOMMON    00076
_printf                  text3        006B7
_putch                   text12       006F3
_smt_init                text2        006E8
_strlen                  text9        0069D
_strncmp                 text6        004F8
_uart_init               text1        006DC
_vfpfcnvrt               text5        001BA
_vfprintf                text4        00628
_width                   bssBANK1     000AA
abs@a                    cstackBANK0  00032
btemp                    (abs)        0007E
clear_ram0               clrtext      006FC
dtoa@d                   cstackBANK0  0003A
dtoa@fp                  cstackBANK0  00049
dtoa@i                   cstackBANK0  00056
dtoa@n                   cstackBANK0  0004E
dtoa@p                   cstackBANK0  00047
dtoa@s                   cstackBANK0  0004C
dtoa@w                   cstackBANK0  0004A
end_of_initialization    cinit        00054
fputc@c                  cstackBANK0  00020
fputc@fp                 cstackBANK0  00022
fputs@c                  cstackBANK0  0002B
fputs@fp                 cstackCOMMON 00075
fputs@i                  cstackBANK0  0002C
fputs@s                  cstackBANK0  0002E
int$flags                (abs)        0007E
intlevel0                functab      00000
intlevel1                functab      00000
intlevel2                functab      00000
intlevel3                functab      00000
intlevel4                functab      00000
intlevel5                functab      00000
pad@buf                  cstackBANK0  0002F
pad@fp                   cstackBANK0  00037
pad@i                    cstackBANK0  00033
pad@p                    cstackBANK0  00030
pad@w                    cstackBANK0  00035
printf@ap                cstackBANK1  000D4
printf@fmt               cstackBANK1  000CD
putch@c                  cstackCOMMON 00074
reset_vec                reset_vec    00000
start                    init         00046
start_initialization     cinit        00048
strlen@a                 cstackBANK0  00021
strlen@s                 cstackBANK0  00022
strncmp@_l               cstackBANK0  00020
strncmp@_r               cstackBANK0  00022
strncmp@l                cstackBANK0  00026
strncmp@n                cstackBANK0  00024
strncmp@r                cstackBANK0  00028
vfpfcnvrt@ap             cstackBANK0  00059
vfpfcnvrt@fmt            cstackBANK0  00058
vfpfcnvrt@fp             cstackBANK0  00067
vfpfcnvrt@ll             cstackBANK0  0005F
vfprintf@ap              cstackBANK0  0006A
vfprintf@cfmt            cstackBANK0  0006E
vfprintf@fmt             cstackBANK0  00068
vfprintf@fp              cstackBANK0  0006D
wtemp0                   (abs)        0007E


MODULE INFORMATION

Module		Function		Class		Link	Load	Size
C:\Program Files\Microchip\xc8\v2.32\pic\sources\c99\common\doprnt.c
		_vfpfcnvrt     		CODE           	01BA	0000	334
		_pad           		CODE           	0555	0000	86
		_dtoa          		CODE           	0058	0000	354
		_vfprintf      		CODE           	0628	0000	49

C:\Program Files\Microchip\xc8\v2.32\pic\sources\c99\common\doprnt.c estimated size: 823

smt_main.c
		_putch         		CODE           	06F3	0000	9
		_main          		CODE           	05EC	0000	60
		_uart_init     		CODE           	06DC	0000	12
		_myIsr         		CODE           	0004	0000	66
		_smt_init      		CODE           	06E8	0000	11

smt_main.c estimated size: 158

C:\Program Files\Microchip\xc8\v2.32\pic\sources\c99\common\nf_fputs.c
		_fputs         		CODE           	0659	0000	40

C:\Program Files\Microchip\xc8\v2.32\pic\sources\c99\common\nf_fputs.c estimated size: 40

C:\Program Files\Microchip\xc8\v2.32\pic\sources\c99\common\abs.c
		_abs           		CODE           	0681	0000	28

C:\Program Files\Microchip\xc8\v2.32\pic\sources\c99\common\abs.c estimated size: 28

C:\Program Files\Microchip\xc8\v2.32\pic\sources\c99\common\aomod.c
		___aomod       		CODE           	040C	0000	236

C:\Program Files\Microchip\xc8\v2.32\pic\sources\c99\common\aomod.c estimated size: 236

C:\Program Files\Microchip\xc8\v2.32\pic\sources\c99\common\strncmp.c
		_strncmp       		CODE           	04F8	0000	93

C:\Program Files\Microchip\xc8\v2.32\pic\sources\c99\common\strncmp.c estimated size: 93

shared
		__initialization		CODE           	0048	0000	12

shared estimated size: 12

C:\Program Files\Microchip\xc8\v2.32\pic\sources\c99\common\printf.c
		_printf        		CODE           	06B7	0000	23

C:\Program Files\Microchip\xc8\v2.32\pic\sources\c99\common\printf.c estimated size: 23

C:\Program Files\Microchip\xc8\v2.32\pic\sources\c99\common\nf_fputc.c
		_fputc         		CODE           	05AB	0000	65

C:\Program Files\Microchip\xc8\v2.32\pic\sources\c99\common\nf_fputc.c estimated size: 65

C:\Program Files\Microchip\xc8\v2.32\pic\sources\c99\common\aodiv.c
		___aodiv       		CODE           	0308	0000	260

C:\Program Files\Microchip\xc8\v2.32\pic\sources\c99\common\aodiv.c estimated size: 260

C:\Program Files\Microchip\xc8\v2.32\pic\sources\c99\common\strlen.c
		_strlen        		CODE           	069D	0000	26

C:\Program Files\Microchip\xc8\v2.32\pic\sources\c99\common\strlen.c estimated size: 26

